critical libmamba Shell not initialized

'micromamba' is running as a subprocess and can't modify the parent shell.
Thus you must initialize your shell before using activate and deactivate.

To initialize the current bash shell, run:
    $ eval "$(micromamba shell hook --shell bash)"
and then activate or deactivate with:
    $ micromamba activate
To automatically initialize all future (bash) shells, run:
    $ micromamba shell init --shell bash --root-prefix=~/micromamba
If your shell was already initialized, reinitialize your shell with:
    $ micromamba shell reinit --shell bash
Otherwise, this may be an issue. In the meantime you can run commands. See:
    $ micromamba run --help

Supported shells are {bash, zsh, csh, xonsh, cmd.exe, powershell, fish}.
Job started on chi-gpu2
Environment activated
which: no autrainer in (/home/go35mig/micromamba/condabin:/run/wrappers/bin:/home/go35mig/.nix-profile/bin:/nix/profile/bin:/home/go35mig/.local/state/nix/profile/bin:/etc/profiles/per-user/go35mig/bin:/nix/var/nix/profiles/default/bin:/run/current-system/sw/bin)
which autrainer: 
/run/current-system/sw/bin/python
which: no autrainer in (/home/go35mig/micromamba/condabin:/run/wrappers/bin:/home/go35mig/.nix-profile/bin:/nix/profile/bin:/home/go35mig/.local/state/nix/profile/bin:/etc/profiles/per-user/go35mig/bin:/nix/var/nix/profiles/default/bin:/run/current-system/sw/bin)
/var/spool/slurmd/job92647/slurm_script: line 38: autrainer: command not found
Job finished.
slurmstepd: error: pam_close_session: Cannot make/remove an entry for the specified session
